
Server arguments:
  --memory-size 1073741824
  --shared-postfix 9fe344e0ae7d0a2c1096ec7f0d81dda8
  --working-directory Library/DataStore
  --silent-console
  --shutdown-grace 0
  --client-process-check 0
  --uds-log-file C:/Users/wizar/Setup Guide In-Editor Tutorial/Logs/UDS-Service.log
  --debug-log 2
  -name
  Unity.DataStore

Initialising UDS system complete:
  - System type: Service
  - Resource namespace: 9fe344e0ae7d0a2c1096ec7f0d81dda8
  - Shared memory size: 1073741824
  - Command buffer id: 1052576
  - Command buffer size: 8192
  - Hashmap size: 4194304
Starting Unity Data Store Application
Unity Data Store Application Complete
Shut down UDS service system complete
